stm32f3xx_ll_tim.h:3971:22:LL_TIM_ClearFlag_UPDATE	16	static
stm32f3xx_ll_tim.h:3982:26:LL_TIM_IsActiveFlag_UPDATE	16	static
stm32f3xx_ll_gpio.h:895:22:LL_GPIO_SetOutputPin	16	static
stm32f3xx_ll_gpio.h:924:22:LL_GPIO_ResetOutputPin	16	static
display.c:14:6:resetSegments	8	static
display.c:27:6:setSegments	8	static
display.c:40:6:resetDigits	8	static
display.c:50:6:setDigits	8	static
display.c:59:6:setDecimalPoint	8	static
display.c:65:6:setOne	8	static
display.c:72:6:setTwo	8	static
display.c:82:6:setThree	8	static
display.c:92:6:setFour	8	static
display.c:101:6:setFive	8	static
display.c:111:6:setSix	8	static
display.c:122:6:setSeven	8	static
display.c:130:6:setEight	8	static
display.c:142:6:setNine	8	static
display.c:152:6:setZero	8	static
display.c:163:6:setMinus	8	static
display.c:168:6:setCapital_a	8	static
display.c:179:6:setSmall_a	8	static
display.c:190:6:setSmall_b	8	static
display.c:200:6:setCapital_c	8	static
display.c:209:6:setSmall_c	8	static
display.c:217:6:setSmall_d	8	static
display.c:227:6:setCapital_e	8	static
display.c:237:6:setCapital_f	8	static
display.c:246:6:setCapital_g	8	static
display.c:256:6:setCapital_h	8	static
display.c:266:6:setSmall_h	8	static
display.c:275:6:setCapital_i	8	static
display.c:282:6:setCapital_j	8	static
display.c:291:6:setCapital_l	8	static
display.c:299:6:setSmall_n	8	static
display.c:307:6:setCapital_o	8	static
display.c:318:6:setSmall_o	8	static
display.c:327:6:setCapital_p	8	static
display.c:337:6:setSmall_q	8	static
display.c:347:6:setSmall_r	8	static
display.c:354:6:setCapital_s	8	static
display.c:364:6:setSmall_t	8	static
display.c:373:6:setCapital_u	8	static
display.c:383:6:setSmall_u	8	static
display.c:391:6:setSmall_y	8	static
display.c:401:6:setCapital_k	8	static
display.c:411:6:setCapital_m	8	static
display.c:419:6:setCapital_v	8	static
display.c:428:6:setCapital_w	8	static
display.c:436:6:setCapital_x	8	static
display.c:446:6:setCapital_z	8	static
display.c:456:6:setUnderline	8	static
display.c:464:6:displayName	24	static
display.c:479:6:setDigit	16	static
display.c:502:6:updateDisplay	24	static
display.c:697:6:TIM3_IRQHandler	8	static
